2026-04-26 23:14:32,083 INFO o.a.j.u.JMeterUtils: Setting Locale to en_EN
2026-04-26 23:14:32,117 INFO o.a.j.JMeter: Loading user properties from: C:\Program Files\apache-jmeter-5.6.3\apache-jmeter-5.6.3\bin\user.properties
2026-04-26 23:14:32,118 INFO o.a.j.JMeter: Loading system properties from: C:\Program Files\apache-jmeter-5.6.3\apache-jmeter-5.6.3\bin\system.properties
2026-04-26 23:14:32,131 INFO o.a.j.JMeter: Copyright (c) 1998-2024 The Apache Software Foundation
2026-04-26 23:14:32,131 INFO o.a.j.JMeter: Version 5.6.3
2026-04-26 23:14:32,131 INFO o.a.j.JMeter: java.version=17.0.17
2026-04-26 23:14:32,131 INFO o.a.j.JMeter: java.vm.name=OpenJDK 64-Bit Server VM
2026-04-26 23:14:32,131 INFO o.a.j.JMeter: os.name=Windows 11
2026-04-26 23:14:32,131 INFO o.a.j.JMeter: os.arch=amd64
2026-04-26 23:14:32,133 INFO o.a.j.JMeter: os.version=10.0
2026-04-26 23:14:32,133 INFO o.a.j.JMeter: file.encoding=Cp1252
2026-04-26 23:14:32,133 INFO o.a.j.JMeter: java.awt.headless=true
2026-04-26 23:14:32,133 INFO o.a.j.JMeter: Max memory     =1073741824
2026-04-26 23:14:32,133 INFO o.a.j.JMeter: Available Processors =8
2026-04-26 23:14:32,145 INFO o.a.j.JMeter: Default Locale=English (EN)
2026-04-26 23:14:32,146 INFO o.a.j.JMeter: JMeter  Locale=English (EN)
2026-04-26 23:14:32,146 INFO o.a.j.JMeter: JMeterHome=C:\Program Files\apache-jmeter-5.6.3\apache-jmeter-5.6.3
2026-04-26 23:14:32,146 INFO o.a.j.JMeter: user.dir  =C:\Users\Welcome\IdeaProjects\SE_non-functional-testing-demo
2026-04-26 23:14:32,147 INFO o.a.j.JMeter: PWD       =C:\Users\Welcome\IdeaProjects\SE_non-functional-testing-demo
2026-04-26 23:14:37,100 INFO o.a.j.JMeter: IP: 172.28.64.1 Name: RF FullName: RF
2026-04-26 23:14:37,122 INFO o.a.j.s.FileServer: Default base='C:\Users\Welcome\IdeaProjects\SE_non-functional-testing-demo'
2026-04-26 23:14:37,123 INFO o.a.j.s.FileServer: Set new base='C:\Users\Welcome\IdeaProjects\SE_non-functional-testing-demo\tests\performance'
2026-04-26 23:14:37,424 INFO o.a.j.s.SaveService: Testplan (JMX) version: 2.2. Testlog (JTL) version: 2.2
2026-04-26 23:14:37,467 INFO o.a.j.s.SaveService: Using SaveService properties version 5.0
2026-04-26 23:14:37,474 INFO o.a.j.s.SaveService: Using SaveService properties file encoding UTF-8
2026-04-26 23:14:37,478 INFO o.a.j.s.SaveService: Loading file: tests\performance\demo.jmx
2026-04-26 23:14:37,567 INFO o.a.j.p.h.s.HTTPSamplerBase: Parser for text/html is org.apache.jmeter.protocol.http.parser.LagartoBasedHtmlParser
2026-04-26 23:14:37,567 INFO o.a.j.p.h.s.HTTPSamplerBase: Parser for application/xhtml+xml is org.apache.jmeter.protocol.http.parser.LagartoBasedHtmlParser
2026-04-26 23:14:37,567 INFO o.a.j.p.h.s.HTTPSamplerBase: Parser for application/xml is org.apache.jmeter.protocol.http.parser.LagartoBasedHtmlParser
2026-04-26 23:14:37,567 INFO o.a.j.p.h.s.HTTPSamplerBase: Parser for text/xml is org.apache.jmeter.protocol.http.parser.LagartoBasedHtmlParser
2026-04-26 23:14:37,567 INFO o.a.j.p.h.s.HTTPSamplerBase: Parser for text/vnd.wap.wml is org.apache.jmeter.protocol.http.parser.RegexpHTMLParser
2026-04-26 23:14:37,567 INFO o.a.j.p.h.s.HTTPSamplerBase: Parser for text/css is org.apache.jmeter.protocol.http.parser.CssParser
2026-04-26 23:14:37,578 INFO o.a.j.JMeter: Creating summariser <summary>
2026-04-26 23:14:37,611 INFO o.a.j.e.StandardJMeterEngine: Running the test!
2026-04-26 23:14:37,613 INFO o.a.j.s.SampleEvent: List of sample_variables: []
2026-04-26 23:14:37,613 INFO o.a.j.s.SampleEvent: List of sample_variables: []
2026-04-26 23:14:37,627 INFO o.a.j.e.u.CompoundVariable: Note: Function class names must contain the string: '.functions.'
2026-04-26 23:14:37,627 INFO o.a.j.e.u.CompoundVariable: Note: Function class names must not contain the string: '.gui.'
2026-04-26 23:14:37,761 INFO o.a.j.JMeter: Running test (1777234477761)
2026-04-26 23:14:37,783 INFO o.a.j.e.StandardJMeterEngine: Starting ThreadGroup: 1 : Simple Thread Group
2026-04-26 23:14:37,783 INFO o.a.j.e.StandardJMeterEngine: Starting 1 threads for group Simple Thread Group.
2026-04-26 23:14:37,783 INFO o.a.j.e.StandardJMeterEngine: Thread will continue on error
2026-04-26 23:14:37,783 INFO o.a.j.t.ThreadGroup: Starting thread group... number=1 threads=1 ramp-up=1 delayedStart=false
2026-04-26 23:14:37,789 INFO o.a.j.t.ThreadGroup: Started thread group number 1
2026-04-26 23:14:37,789 INFO o.a.j.e.StandardJMeterEngine: All thread groups have been started
2026-04-26 23:14:37,792 INFO o.a.j.t.JMeterThread: Thread started: Simple Thread Group 1-1
2026-04-26 23:14:37,816 INFO o.a.j.p.h.s.HTTPHCAbstractImpl: Local host = RF
2026-04-26 23:14:37,823 INFO o.a.j.p.h.s.HTTPHC4Impl: HTTP request retry count = 0
2026-04-26 23:14:37,825 INFO o.a.j.s.SampleResult: Note: Sample TimeStamps are START times
2026-04-26 23:14:37,825 INFO o.a.j.s.SampleResult: sampleresult.default.encoding is set to UTF-8
2026-04-26 23:14:37,825 INFO o.a.j.s.SampleResult: sampleresult.useNanoTime=true
2026-04-26 23:14:37,825 INFO o.a.j.s.SampleResult: sampleresult.nanoThreadSleep=5000
2026-04-26 23:14:38,211 INFO o.a.j.t.JMeterThread: Thread is done: Simple Thread Group 1-1
2026-04-26 23:14:38,211 INFO o.a.j.t.JMeterThread: Thread finished: Simple Thread Group 1-1
2026-04-26 23:14:38,211 INFO o.a.j.e.StandardJMeterEngine: Notifying test listeners of end of test
2026-04-26 23:14:38,213 INFO o.a.j.r.Summariser: summary =      1 in 00:00:00 =    2.2/s Avg:   270 Min:   270 Max:   270 Err:     0 (0.00%)
